2026-09-04 02:48:12,556 [INFO] Agent WebSocket server started on 0.0.0.0:8765
2026-09-04 02:48:12,556 [INFO] === Chart Agent WebSocket Server active on ws://0.0.0.0:8765 ===
2026-09-04 02:48:12,557 [INFO] Waiting for Desktop Viewer clients (e.g. from your Windows PC)...
2026-09-04 02:48:12,557 [INFO] server listening on 0.0.0.0:8765
2026-09-04 02:48:12,560 [INFO] === Chart Agent HTTP Control API active on http://0.0.0.0:8766 ===
2026-09-04 03:17:08,455 [INFO] connection open
2026-09-04 03:17:08,455 [INFO] Viewer client connected from ('10.223.123.7', 62515)
2026-09-04 03:17:08,499 [INFO] Agent received: viewer.ready (kind=0)
2026-09-04 03:17:08,499 [INFO] Viewer ready, restoring layout...
2026-09-04 03:17:08,578 [INFO] Agent received: window.geometry_changed (kind=0)
2026-09-04 03:17:08,578 [INFO] Agent received: window.geometry_changed (kind=0)
2026-09-04 03:17:08,578 [INFO] Agent received: window.geometry_changed (kind=0)
2026-09-04 03:17:08,586 [INFO] Agent received: window.geometry_changed (kind=0)
2026-09-04 03:17:08,586 [INFO] Agent received: window.geometry_changed (kind=0)
2026-09-04 03:17:08,591 [INFO] Agent received: window.geometry_changed (kind=0)
2026-09-04 03:17:08,591 [INFO] Agent received: ack (kind=2)
2026-09-04 03:17:08,594 [INFO] Agent received: ack (kind=2)
2026-09-04 03:17:08,594 [INFO] Agent received: ack (kind=2)
2026-09-04 03:17:24,717 [INFO] Agent received: data.request_more (kind=0)
2026-09-04 03:17:25,030 [INFO] Agent received: data.request_more (kind=0)
2026-09-04 03:17:25,399 [INFO] Agent received: data.request_more (kind=0)
2026-09-04 03:17:27,308 [INFO] Agent received: data.request_more (kind=0)
2026-09-04 03:17:33,385 [INFO] Agent received: data.request_more (kind=0)
2026-09-04 03:17:38,517 [INFO] Agent received: window.geometry_changed (kind=0)
2026-09-04 03:17:38,533 [INFO] Agent received: window.geometry_changed (kind=0)
2026-09-04 03:17:38,537 [INFO] Agent received: window.geometry_changed (kind=0)
2026-09-04 03:17:38,556 [INFO] Agent received: window.geometry_changed (kind=0)
2026-09-04 03:17:38,561 [INFO] Agent received: window.geometry_changed (kind=0)
2026-09-04 03:17:38,590 [INFO] Agent received: window.geometry_changed (kind=0)
2026-09-04 03:17:38,590 [INFO] Agent received: window.geometry_changed (kind=0)
2026-09-04 03:17:38,603 [INFO] Agent received: window.geometry_changed (kind=0)
2026-09-04 03:17:38,626 [INFO] Agent received: window.geometry_changed (kind=0)
2026-09-04 03:17:38,637 [INFO] Agent received: window.geometry_changed (kind=0)
2026-09-04 03:17:38,652 [INFO] Agent received: window.geometry_changed (kind=0)
2026-09-04 03:17:38,681 [INFO] Agent received: window.geometry_changed (kind=0)
2026-09-04 03:17:38,684 [INFO] Agent received: window.geometry_changed (kind=0)
2026-09-04 03:17:38,699 [INFO] Agent received: window.geometry_changed (kind=0)
2026-09-04 03:17:38,713 [INFO] Agent received: window.geometry_changed (kind=0)
2026-09-04 03:17:38,724 [INFO] Agent received: window.geometry_changed (kind=0)
2026-09-04 03:17:38,740 [INFO] Agent received: window.geometry_changed (kind=0)
2026-09-04 03:17:38,756 [INFO] Agent received: window.geometry_changed (kind=0)
2026-09-04 03:17:38,768 [INFO] Agent received: window.geometry_changed (kind=0)
2026-09-04 03:17:38,794 [INFO] Agent received: window.geometry_changed (kind=0)
2026-09-04 03:17:38,800 [INFO] Agent received: window.geometry_changed (kind=0)
2026-09-04 03:17:38,833 [INFO] Agent received: window.geometry_changed (kind=0)
2026-09-04 03:17:38,849 [INFO] Agent received: window.geometry_changed (kind=0)
2026-09-04 03:17:38,860 [INFO] Agent received: window.geometry_changed (kind=0)
2026-09-04 03:17:38,881 [INFO] Agent received: window.geometry_changed (kind=0)
2026-09-04 03:17:38,893 [INFO] Agent received: window.geometry_changed (kind=0)
2026-09-04 03:17:38,910 [INFO] Agent received: window.geometry_changed (kind=0)
2026-09-04 03:17:38,920 [INFO] Agent received: window.geometry_changed (kind=0)
2026-09-04 03:17:38,944 [INFO] Agent received: window.geometry_changed (kind=0)
2026-09-04 03:17:38,954 [INFO] Agent received: window.geometry_changed (kind=0)
2026-09-04 03:17:38,980 [INFO] Agent received: window.geometry_changed (kind=0)
2026-09-04 03:17:38,990 [INFO] Agent received: window.geometry_changed (kind=0)
2026-09-04 03:17:39,001 [INFO] Agent received: window.geometry_changed (kind=0)
2026-09-04 03:17:39,021 [INFO] Agent received: window.geometry_changed (kind=0)
2026-09-04 03:17:39,044 [INFO] Agent received: window.geometry_changed (kind=0)
2026-09-04 03:17:39,064 [INFO] Agent received: window.geometry_changed (kind=0)
2026-09-04 03:17:39,093 [INFO] Agent received: window.geometry_changed (kind=0)
2026-09-04 03:17:39,103 [INFO] Agent received: window.geometry_changed (kind=0)
2026-09-04 03:17:39,121 [INFO] Agent received: window.geometry_changed (kind=0)
2026-09-04 03:17:39,137 [INFO] Agent received: window.geometry_changed (kind=0)
2026-09-04 03:17:39,158 [INFO] Agent received: window.geometry_changed (kind=0)
2026-09-04 03:17:39,175 [INFO] Agent received: window.geometry_changed (kind=0)
2026-09-04 03:17:39,191 [INFO] Agent received: window.geometry_changed (kind=0)
2026-09-04 03:17:39,208 [INFO] Agent received: window.geometry_changed (kind=0)
2026-09-04 03:17:39,223 [INFO] Agent received: window.geometry_changed (kind=0)
2026-09-04 03:17:39,244 [INFO] Agent received: window.geometry_changed (kind=0)
2026-09-04 03:17:39,250 [INFO] Agent received: window.geometry_changed (kind=0)
2026-09-04 03:17:39,274 [INFO] Agent received: window.geometry_changed (kind=0)
2026-09-04 03:17:39,284 [INFO] Agent received: window.geometry_changed (kind=0)
2026-09-04 03:17:39,316 [INFO] Agent received: window.geometry_changed (kind=0)
2026-09-04 03:17:39,329 [INFO] Agent received: window.geometry_changed (kind=0)
2026-09-04 03:17:39,333 [INFO] Agent received: window.geometry_changed (kind=0)
2026-09-04 03:17:39,355 [INFO] Agent received: window.geometry_changed (kind=0)
2026-09-04 03:17:39,362 [INFO] Agent received: window.geometry_changed (kind=0)
2026-09-04 03:17:39,387 [INFO] Agent received: window.geometry_changed (kind=0)
2026-09-04 03:17:39,404 [INFO] Agent received: window.geometry_changed (kind=0)
2026-09-04 03:17:39,404 [INFO] Agent received: window.geometry_changed (kind=0)
2026-09-04 03:17:39,420 [INFO] Agent received: window.geometry_changed (kind=0)
2026-09-04 03:17:39,441 [INFO] Agent received: window.geometry_changed (kind=0)
2026-09-04 03:17:39,458 [INFO] Agent received: window.geometry_changed (kind=0)
2026-09-04 03:17:39,474 [INFO] Agent received: window.geometry_changed (kind=0)
2026-09-04 03:17:39,497 [INFO] Agent received: window.geometry_changed (kind=0)
2026-09-04 03:17:39,509 [INFO] Agent received: window.geometry_changed (kind=0)
2026-09-04 03:17:39,660 [INFO] Agent received: window.geometry_changed (kind=0)
2026-09-04 03:17:39,669 [INFO] Agent received: window.geometry_changed (kind=0)
2026-09-04 03:17:39,691 [INFO] Agent received: window.geometry_changed (kind=0)
2026-09-04 03:17:39,708 [INFO] Agent received: window.geometry_changed (kind=0)
2026-09-04 03:17:39,721 [INFO] Agent received: window.geometry_changed (kind=0)
2026-09-04 03:17:39,729 [INFO] Agent received: window.geometry_changed (kind=0)
2026-09-04 03:17:39,752 [INFO] Agent received: window.geometry_changed (kind=0)
2026-09-04 03:17:39,779 [INFO] Agent received: window.geometry_changed (kind=0)
2026-09-04 03:17:39,779 [INFO] Agent received: window.geometry_changed (kind=0)
2026-09-04 03:17:39,805 [INFO] Agent received: window.geometry_changed (kind=0)
2026-09-04 03:17:39,816 [INFO] Agent received: window.geometry_changed (kind=0)
2026-09-04 03:17:39,828 [INFO] Agent received: window.geometry_changed (kind=0)
2026-09-04 03:17:39,850 [INFO] Agent received: window.geometry_changed (kind=0)
2026-09-04 03:17:39,863 [INFO] Agent received: window.geometry_changed (kind=0)
2026-09-04 03:17:39,863 [INFO] Agent received: window.geometry_changed (kind=0)
2026-09-04 03:17:39,876 [INFO] Agent received: window.geometry_changed (kind=0)
2026-09-04 03:17:39,903 [INFO] Agent received: window.geometry_changed (kind=0)
2026-09-04 03:17:41,794 [INFO] Agent received: window.geometry_changed (kind=0)
2026-09-04 03:17:41,808 [INFO] Agent received: window.geometry_changed (kind=0)
2026-09-04 03:17:41,828 [INFO] Agent received: window.geometry_changed (kind=0)
2026-09-04 03:17:41,845 [INFO] Agent received: window.geometry_changed (kind=0)
2026-09-04 03:17:41,849 [INFO] Agent received: window.geometry_changed (kind=0)
2026-09-04 03:17:41,877 [INFO] Agent received: window.geometry_changed (kind=0)
2026-09-04 03:17:41,882 [INFO] Agent received: window.geometry_changed (kind=0)
2026-09-04 03:17:41,898 [INFO] Agent received: window.geometry_changed (kind=0)
2026-09-04 03:17:41,931 [INFO] Agent received: window.geometry_changed (kind=0)
2026-09-04 03:17:41,937 [INFO] Agent received: window.geometry_changed (kind=0)
2026-09-04 03:17:41,942 [INFO] Agent received: window.geometry_changed (kind=0)
2026-09-04 03:17:41,947 [INFO] Agent received: window.geometry_changed (kind=0)
2026-09-04 03:17:41,964 [INFO] Agent received: window.geometry_changed (kind=0)
2026-09-04 03:17:41,980 [INFO] Agent received: window.geometry_changed (kind=0)
2026-09-04 03:17:42,072 [INFO] Agent received: window.geometry_changed (kind=0)
2026-09-04 03:17:42,072 [INFO] Agent received: window.geometry_changed (kind=0)
2026-09-04 03:17:42,072 [INFO] Agent received: window.geometry_changed (kind=0)
2026-09-04 03:17:42,072 [INFO] Agent received: window.geometry_changed (kind=0)
2026-09-04 03:17:42,078 [INFO] Agent received: window.geometry_changed (kind=0)
2026-09-04 03:17:42,078 [INFO] Agent received: window.geometry_changed (kind=0)
2026-09-04 03:17:42,086 [INFO] Agent received: window.geometry_changed (kind=0)
2026-09-04 03:17:42,094 [INFO] Agent received: window.geometry_changed (kind=0)
2026-09-04 03:17:42,122 [INFO] Agent received: window.geometry_changed (kind=0)
2026-09-04 03:17:42,131 [INFO] Agent received: window.geometry_changed (kind=0)
2026-09-04 03:17:42,142 [INFO] Agent received: window.geometry_changed (kind=0)
2026-09-04 03:17:42,167 [INFO] Agent received: window.geometry_changed (kind=0)
2026-09-04 03:17:42,174 [INFO] Agent received: window.geometry_changed (kind=0)
2026-09-04 03:17:42,194 [INFO] Agent received: window.geometry_changed (kind=0)
2026-09-04 03:17:42,211 [INFO] Agent received: window.geometry_changed (kind=0)
2026-09-04 03:17:42,234 [INFO] Agent received: window.geometry_changed (kind=0)
2026-09-04 03:17:42,246 [INFO] Agent received: window.geometry_changed (kind=0)
2026-09-04 03:17:42,267 [INFO] Agent received: window.geometry_changed (kind=0)
2026-09-04 03:17:42,296 [INFO] Agent received: window.geometry_changed (kind=0)
2026-09-04 03:17:42,306 [INFO] Agent received: window.geometry_changed (kind=0)
2026-09-04 03:17:42,316 [INFO] Agent received: window.geometry_changed (kind=0)
2026-09-04 03:17:42,334 [INFO] Agent received: window.geometry_changed (kind=0)
2026-09-04 03:17:42,355 [INFO] Agent received: window.geometry_changed (kind=0)
2026-09-04 03:17:42,369 [INFO] Agent received: window.geometry_changed (kind=0)
2026-09-04 03:17:42,402 [INFO] Agent received: window.geometry_changed (kind=0)
2026-09-04 03:17:42,406 [INFO] Agent received: window.geometry_changed (kind=0)
2026-09-04 03:17:42,424 [INFO] Agent received: window.geometry_changed (kind=0)
2026-09-04 03:17:42,438 [INFO] Agent received: window.geometry_changed (kind=0)
2026-09-04 03:17:42,464 [INFO] Agent received: window.geometry_changed (kind=0)
2026-09-04 03:17:42,469 [INFO] Agent received: window.geometry_changed (kind=0)
2026-09-04 03:17:42,482 [INFO] Agent received: window.geometry_changed (kind=0)
2026-09-04 03:17:42,510 [INFO] Agent received: window.geometry_changed (kind=0)
2026-09-04 03:17:42,531 [INFO] Agent received: window.geometry_changed (kind=0)
2026-09-04 03:17:42,547 [INFO] Agent received: window.geometry_changed (kind=0)
2026-09-04 03:17:42,584 [INFO] Agent received: window.geometry_changed (kind=0)
2026-09-04 03:17:42,593 [INFO] Agent received: window.geometry_changed (kind=0)
2026-09-04 03:17:42,615 [INFO] Agent received: window.geometry_changed (kind=0)
2026-09-04 03:17:42,642 [INFO] Agent received: window.geometry_changed (kind=0)
2026-09-04 03:17:42,662 [INFO] Agent received: window.geometry_changed (kind=0)
2026-09-04 03:17:42,690 [INFO] Agent received: window.geometry_changed (kind=0)
2026-09-04 03:17:42,705 [INFO] Agent received: window.geometry_changed (kind=0)
2026-09-04 03:17:42,726 [INFO] Agent received: window.geometry_changed (kind=0)
2026-09-04 03:17:42,746 [INFO] Agent received: window.geometry_changed (kind=0)
2026-09-04 03:17:42,767 [INFO] Agent received: window.geometry_changed (kind=0)
2026-09-04 03:17:42,804 [INFO] Agent received: window.geometry_changed (kind=0)
2026-09-04 03:17:42,870 [INFO] Agent received: window.geometry_changed (kind=0)
2026-09-04 03:17:43,074 [INFO] Agent received: window.geometry_changed (kind=0)
2026-09-04 03:17:43,133 [INFO] Agent received: window.geometry_changed (kind=0)
2026-09-04 03:17:43,158 [INFO] Agent received: window.geometry_changed (kind=0)
2026-09-04 03:17:43,174 [INFO] Agent received: window.geometry_changed (kind=0)
2026-09-04 03:17:43,218 [INFO] Agent received: window.geometry_changed (kind=0)
2026-09-04 03:17:43,238 [INFO] Agent received: window.geometry_changed (kind=0)
2026-09-04 03:17:43,274 [INFO] Agent received: window.geometry_changed (kind=0)
2026-09-04 03:17:43,306 [INFO] Agent received: window.geometry_changed (kind=0)
2026-09-04 03:17:43,350 [INFO] Agent received: window.geometry_changed (kind=0)
2026-09-04 03:17:43,378 [INFO] Agent received: window.geometry_changed (kind=0)
2026-09-04 03:17:43,394 [INFO] Agent received: window.geometry_changed (kind=0)
2026-09-04 03:17:43,426 [INFO] Agent received: window.geometry_changed (kind=0)
2026-09-04 03:17:43,434 [INFO] Agent received: window.geometry_changed (kind=0)
2026-09-04 03:17:43,454 [INFO] Agent received: window.geometry_changed (kind=0)
2026-09-04 03:17:43,480 [INFO] Agent received: window.geometry_changed (kind=0)
2026-09-04 03:17:43,506 [INFO] Agent received: window.geometry_changed (kind=0)
2026-09-04 03:17:43,537 [INFO] Agent received: window.geometry_changed (kind=0)
2026-09-04 03:17:43,545 [INFO] Agent received: window.geometry_changed (kind=0)
2026-09-04 03:17:43,567 [INFO] Agent received: window.geometry_changed (kind=0)
2026-09-04 03:17:43,606 [INFO] Agent received: window.geometry_changed (kind=0)
2026-09-04 03:17:43,614 [INFO] Agent received: window.geometry_changed (kind=0)
2026-09-04 03:17:43,639 [INFO] Agent received: window.geometry_changed (kind=0)
2026-09-04 03:17:43,662 [INFO] Agent received: window.geometry_changed (kind=0)
2026-09-04 03:17:43,674 [INFO] Agent received: window.geometry_changed (kind=0)
2026-09-04 03:17:43,694 [INFO] Agent received: window.geometry_changed (kind=0)
2026-09-04 03:17:43,715 [INFO] Agent received: window.geometry_changed (kind=0)
2026-09-04 03:17:43,742 [INFO] Agent received: window.geometry_changed (kind=0)
2026-09-04 03:17:43,751 [INFO] Agent received: window.geometry_changed (kind=0)
2026-09-04 03:17:43,763 [INFO] Agent received: window.geometry_changed (kind=0)
2026-09-04 03:17:43,786 [INFO] Agent received: window.geometry_changed (kind=0)
2026-09-04 03:17:43,806 [INFO] Agent received: window.geometry_changed (kind=0)
2026-09-04 03:17:43,831 [INFO] Agent received: window.geometry_changed (kind=0)
2026-09-04 03:17:43,839 [INFO] Agent received: window.geometry_changed (kind=0)
2026-09-04 03:17:43,859 [INFO] Agent received: window.geometry_changed (kind=0)
2026-09-04 03:17:43,874 [INFO] Agent received: window.geometry_changed (kind=0)
2026-09-04 03:17:43,892 [INFO] Agent received: window.geometry_changed (kind=0)
2026-09-04 03:17:43,914 [INFO] Agent received: window.geometry_changed (kind=0)
2026-09-04 03:17:43,943 [INFO] Agent received: window.geometry_changed (kind=0)
2026-09-04 03:17:43,962 [INFO] Agent received: window.geometry_changed (kind=0)
2026-09-04 03:17:43,987 [INFO] Agent received: window.geometry_changed (kind=0)
2026-09-04 03:17:43,990 [INFO] Agent received: window.geometry_changed (kind=0)
2026-09-04 03:17:44,002 [INFO] Agent received: window.geometry_changed (kind=0)
2026-09-04 03:17:44,017 [INFO] Agent received: window.geometry_changed (kind=0)
2026-09-04 03:17:44,058 [INFO] Agent received: window.geometry_changed (kind=0)
2026-09-04 03:17:44,066 [INFO] Agent received: window.geometry_changed (kind=0)
2026-09-04 03:17:44,074 [INFO] Agent received: window.geometry_changed (kind=0)
2026-09-04 03:17:44,223 [INFO] Agent received: window.geometry_changed (kind=0)
2026-09-04 03:17:44,226 [INFO] Agent received: window.geometry_changed (kind=0)
2026-09-04 03:17:44,226 [INFO] Agent received: window.geometry_changed (kind=0)
2026-09-04 03:17:44,266 [INFO] Agent received: window.geometry_changed (kind=0)
2026-09-04 03:17:44,269 [INFO] Agent received: window.geometry_changed (kind=0)
2026-09-04 03:17:44,293 [INFO] Agent received: window.geometry_changed (kind=0)
2026-09-04 03:17:44,354 [INFO] Agent received: window.geometry_changed (kind=0)
2026-09-04 03:17:44,379 [INFO] Agent received: window.geometry_changed (kind=0)
2026-09-04 03:17:44,390 [INFO] Agent received: window.geometry_changed (kind=0)
2026-09-04 03:17:44,390 [INFO] Agent received: window.geometry_changed (kind=0)
2026-09-04 03:17:44,411 [INFO] Agent received: window.geometry_changed (kind=0)
2026-09-04 03:17:44,435 [INFO] Agent received: window.geometry_changed (kind=0)
2026-09-04 03:17:44,442 [INFO] Agent received: window.geometry_changed (kind=0)
2026-09-04 03:17:44,453 [INFO] Agent received: window.geometry_changed (kind=0)
2026-09-04 03:17:44,466 [INFO] Agent received: window.geometry_changed (kind=0)
2026-09-04 03:17:44,482 [INFO] Agent received: window.geometry_changed (kind=0)
2026-09-04 03:17:44,646 [INFO] Agent received: window.geometry_changed (kind=0)
2026-09-04 03:17:44,666 [INFO] Agent received: window.geometry_changed (kind=0)
2026-09-04 03:17:45,022 [INFO] Agent received: window.geometry_changed (kind=0)
2026-09-04 03:17:45,033 [INFO] Agent received: window.geometry_changed (kind=0)
2026-09-04 03:17:45,053 [INFO] Agent received: window.geometry_changed (kind=0)
2026-09-04 03:17:45,062 [INFO] Agent received: window.geometry_changed (kind=0)
2026-09-04 03:17:45,075 [INFO] Agent received: window.geometry_changed (kind=0)
2026-09-04 03:17:45,106 [INFO] Agent received: window.geometry_changed (kind=0)
2026-09-04 03:17:45,126 [INFO] Agent received: window.geometry_changed (kind=0)
2026-09-04 03:17:45,406 [INFO] Agent received: window.geometry_changed (kind=0)
2026-09-04 03:17:45,437 [INFO] Agent received: window.geometry_changed (kind=0)
2026-09-04 03:17:45,470 [INFO] Agent received: window.geometry_changed (kind=0)
2026-09-04 03:17:45,991 [INFO] Agent received: window.geometry_changed (kind=0)
2026-09-04 03:17:46,026 [INFO] Agent received: window.geometry_changed (kind=0)
2026-09-04 03:17:46,043 [INFO] Agent received: window.geometry_changed (kind=0)
2026-09-04 03:17:46,987 [INFO] Agent received: data.request_more (kind=0)
2026-09-04 03:17:47,963 [INFO] Agent received: window.closed (kind=0)
2026-09-04 03:17:47,963 [INFO] Agent recorded window daily-win closed by user
2026-09-04 03:17:49,120 [INFO] Agent received: window.closed (kind=0)
2026-09-04 03:17:49,120 [INFO] Agent recorded window 5m-win closed by user
2026-09-04 03:17:49,158 [INFO] connection closed
2026-09-04 03:17:49,158 [INFO] Viewer client disconnected
